mvajhi@mahdi-laptop ~/code » mkdir ECS_Git_Practice                      
mvajhi@mahdi-laptop ~/code » cd ECS_Git_Practice 
mvajhi@mahdi-laptop code/ECS_Git_Practice » git init
hint: Using 'master' as the name for the initial branch. This default branch name
hint: is subject to change. To configure the initial branch name to use in all
hint: of your new repositories, which will suppress this warning, call:
hint: 
hint: 	git config --global init.defaultBranch <name>
hint: 
hint: Names commonly chosen instead of 'master' are 'main', 'trunk' and
hint: 'development'. The just-created branch can be renamed via this command:
hint: 
hint: 	git branch -m <name>
Initialized empty Git repository in /home/mvajhi/code/ECS_Git_Practice/.git/
mvajhi@mahdi-laptop code/ECS_Git_Practice (master) » echo A > A
mvajhi@mahdi-laptop code/ECS_Git_Practice (master) » git status
On branch master

No commits yet

Untracked files:
  (use "git add <file>..." to include in what will be committed)
	A

nothing added to commit but untracked files present (use "git add" to track)
mvajhi@mahdi-laptop code/ECS_Git_Practice (master) » git add -A
mvajhi@mahdi-laptop code/ECS_Git_Practice (master) » git commit -am "Init
dquote> 
mvajhi@mahdi-laptop code/ECS_Git_Practice (master) » git commit -am "Init"
[master (root-commit) 14e97ee] Init
 1 file changed, 1 insertion(+)
 create mode 100644 A
mvajhi@mahdi-laptop code/ECS_Git_Practice (master) » echo B > B           
mvajhi@mahdi-laptop code/ECS_Git_Practice (master) » git add -A           
mvajhi@mahdi-laptop code/ECS_Git_Practice (master) » git commit -am "B"
[master db73793] B
 1 file changed, 1 insertion(+)
 create mode 100644 B
mvajhi@mahdi-laptop code/ECS_Git_Practice (master) » git switch Fea1   
fatal: invalid reference: Fea1
mvajhi@mahdi-laptop code/ECS_Git_Practice (master) » git checkout Fea1    128 ↵
error: pathspec 'Fea1' did not match any file(s) known to git
mvajhi@mahdi-laptop code/ECS_Git_Practice (master) » git checkout -b Fea1   1 ↵
Switched to a new branch 'Fea1'
mvajhi@mahdi-laptop code/ECS_Git_Practice (Fea1) » ls
A  B
mvajhi@mahdi-laptop code/ECS_Git_Practice (Fea1) » echo C > C          
mvajhi@mahdi-laptop code/ECS_Git_Practice (Fea1) » git add -A          
mvajhi@mahdi-laptop code/ECS_Git_Practice (Fea1) » git status     
On branch Fea1
Changes to be committed:
  (use "git restore --staged <file>..." to unstage)
	new file:   C

mvajhi@mahdi-laptop code/ECS_Git_Practice (Fea1) » git commit -am "C"
[Fea1 33ffb47] C
 1 file changed, 1 insertion(+)
 create mode 100644 C
mvajhi@mahdi-laptop code/ECS_Git_Practice (Fea1) » ls
A  B  C
mvajhi@mahdi-laptop code/ECS_Git_Practice (Fea1) » git switch master 
Switched to branch 'master'
mvajhi@mahdi-laptop code/ECS_Git_Practice (master) » ls
A  B
mvajhi@mahdi-laptop code/ECS_Git_Practice (master) » echo D > D        
mvajhi@mahdi-laptop code/ECS_Git_Practice (master) » git add -A
mvajhi@mahdi-laptop code/ECS_Git_Practice (master) » git commit -am "D"
[master 4180ca3] D
 1 file changed, 1 insertion(+)
 create mode 100644 D
mvajhi@mahdi-laptop code/ECS_Git_Practice (master) » git checkout -b Fea2
Switched to a new branch 'Fea2'
mvajhi@mahdi-laptop code/ECS_Git_Practice (Fea2) » echo E > E
mvajhi@mahdi-laptop code/ECS_Git_Practice (Fea2) » git add -A          
mvajhi@mahdi-laptop code/ECS_Git_Practice (Fea2) » git commit -am "E"
[Fea2 41e3d2f] E
 1 file changed, 1 insertion(+)
 create mode 100644 E
mvajhi@mahdi-laptop code/ECS_Git_Practice (Fea2) » git switch Fea1     
Switched to branch 'Fea1'
mvajhi@mahdi-laptop code/ECS_Git_Practice (Fea1) » git commit --amend -m "C Updated"
[Fea1 7ae302c] C Updated
 Date: Thu May 8 21:21:26 2025 +0330
 1 file changed, 1 insertion(+)
 create mode 100644 C
mvajhi@mahdi-laptop code/ECS_Git_Practice (Fea1) » git lg
mvajhi@mahdi-laptop code/ECS_Git_Practice (Fea1) » echo F > F
mvajhi@mahdi-laptop code/ECS_Git_Practice (Fea1) » git add -A
mvajhi@mahdi-laptop code/ECS_Git_Practice (Fea1) » git commit -am "F"
[Fea1 4be581f] F
 1 file changed, 1 insertion(+)
 create mode 100644 F
mvajhi@mahdi-laptop code/ECS_Git_Practice (Fea1) » git switch master 
Switched to branch 'master'
mvajhi@mahdi-laptop code/ECS_Git_Practice (master) » git checkout -b Bug 
Switched to a new branch 'Bug'
mvajhi@mahdi-laptop code/ECS_Git_Practice (Bug) » echo G > G
mvajhi@mahdi-laptop code/ECS_Git_Practice (Bug) » git add -A         
mvajhi@mahdi-laptop code/ECS_Git_Practice (Bug) » git commit -am "G"       
[Bug 463466e] G
 1 file changed, 1 insertion(+)
 create mode 100644 G
mvajhi@mahdi-laptop code/ECS_Git_Practice (Bug) » echo H > H        
mvajhi@mahdi-laptop code/ECS_Git_Practice (Bug) » git add -A        
mvajhi@mahdi-laptop code/ECS_Git_Practice (Bug) » git commit -am "H"
[Bug b82972a] H
 1 file changed, 1 insertion(+)
 create mode 100644 H
mvajhi@mahdi-laptop code/ECS_Git_Practice (Bug) » git switch master 
Switched to branch 'master'
mvajhi@mahdi-laptop code/ECS_Git_Practice (master) » git merge --no-ff Bug -m "I"
Merge made by the 'ort' strategy.
 G | 1 +
 H | 1 +
 2 files changed, 2 insertions(+)
 create mode 100644 G
 create mode 100644 H
mvajhi@mahdi-laptop code/ECS_Git_Practice (master) » git switch Fea2  
Switched to branch 'Fea2'
mvajhi@mahdi-laptop code/ECS_Git_Practice (Fea2) » git lg         
mvajhi@mahdi-laptop code/ECS_Git_Practice (Fea2) » git cherry-pick 4be581f -m "J"
error: option `mainline' expects a number greater than zero
mvajhi@mahdi-laptop code/ECS_Git_Practice (Fea2) » git cherry-pick 4be581f     
[Fea2 05cb295] F
 Date: Thu May 8 21:29:08 2025 +0330
 1 file changed, 1 insertion(+)
 create mode 100644 F
mvajhi@mahdi-laptop code/ECS_Git_Practice (Fea2) » git commit --amend -m "J (converted F)"
[Fea2 3d9ae51] J (converted F)
 Date: Thu May 8 21:29:08 2025 +0330
 1 file changed, 1 insertion(+)
 create mode 100644 F
mvajhi@mahdi-laptop code/ECS_Git_Practice (Fea2) » git switch Fea1
Switched to branch 'Fea1'
mvajhi@mahdi-laptop code/ECS_Git_Practice (Fea1) » git lg         
mvajhi@mahdi-laptop code/ECS_Git_Practice (Fea1) » git reset --hard 7ae302c
HEAD is now at 7ae302c C Updated
mvajhi@mahdi-laptop code/ECS_Git_Practice (Fea1) » echo K > K              
mvajhi@mahdi-laptop code/ECS_Git_Practice (Fea1) » git add -A              
mvajhi@mahdi-laptop code/ECS_Git_Practice (Fea1) » git commit -am "K"
[Fea1 cf476f8] K
 1 file changed, 1 insertion(+)
 create mode 100644 K
mvajhi@mahdi-laptop code/ECS_Git_Practice (Fea1) » git tag v0.1      
mvajhi@mahdi-laptop code/ECS_Git_Practice (Fea1) » git switch master  
Switched to branch 'master'
mvajhi@mahdi-laptop code/ECS_Git_Practice (master) » echo "1\n2\n3\n4">L 
mvajhi@mahdi-laptop code/ECS_Git_Practice (master) » git add -p L     
No changes.
mvajhi@mahdi-laptop code/ECS_Git_Practice (master) » git status       
On branch master
Untracked files:
  (use "git add <file>..." to include in what will be committed)
	L

nothing added to commit but untracked files present (use "git add" to track)
mvajhi@mahdi-laptop code/ECS_Git_Practice (master) » git add -N L
mvajhi@mahdi-laptop code/ECS_Git_Practice (master) » git add -p L
diff --git a/L b/L
new file mode 100644
index 0000000..94ebaf9
--- /dev/null
+++ b/L
@@ -0,0 +1,4 @@
+1
+2
+3
+4
(1/1) Stage addition [y,n,q,a,d,e,?]? s
Sorry, cannot split this hunk
@@ -0,0 +1,4 @@
+1
+2
+3
+4
(1/1) Stage addition [y,n,q,a,d,e,?]? e

mvajhi@mahdi-laptop code/ECS_Git_Practice (master) » git status  
On branch master
Changes to be committed:
  (use "git restore --staged <file>..." to unstage)
	new file:   L

Changes not staged for commit:
  (use "git add <file>..." to update what will be committed)
  (use "git restore <file>..." to discard changes in working directory)
	modified:   L

mvajhi@mahdi-laptop code/ECS_Git_Practice (master) » git commit -m "L (2 Line)"
[master 09a3e77] L (2 Line)
 1 file changed, 2 insertions(+)
 create mode 100644 L
mvajhi@mahdi-laptop code/ECS_Git_Practice (master) » git stash save L
Saved working directory and index state On master: L
mvajhi@mahdi-laptop code/ECS_Git_Practice (master) » git stash list  
mvajhi@mahdi-laptop code/ECS_Git_Practice (master) » git status    
On branch master
nothing to commit, working tree clean
mvajhi@mahdi-laptop code/ECS_Git_Practice (master) » git switch Fea2           
Switched to branch 'Fea2'
mvajhi@mahdi-laptop code/ECS_Git_Practice (Fea2) » echo M > M         
mvajhi@mahdi-laptop code/ECS_Git_Practice (Fea2) » git status     
On branch Fea2
Untracked files:
  (use "git add <file>..." to include in what will be committed)
	M

nothing added to commit but untracked files present (use "git add" to track)
mvajhi@mahdi-laptop code/ECS_Git_Practice (Fea2) » git add -A  
mvajhi@mahdi-laptop code/ECS_Git_Practice (Fea2) » git commit -am "M"
[Fea2 cce09b5] M
 1 file changed, 1 insertion(+)
 create mode 100644 M
mvajhi@mahdi-laptop code/ECS_Git_Practice (Fea2) » git switch master 
Switched to branch 'master'
mvajhi@mahdi-laptop code/ECS_Git_Practice (master) » git merge --no-ff Fea2 -m "N"
Merge made by the 'ort' strategy.
 E | 1 +
 F | 1 +
 M | 1 +
 3 files changed, 3 insertions(+)
 create mode 100644 E
 create mode 100644 F
 create mode 100644 M
mvajhi@mahdi-laptop code/ECS_Git_Practice (master) » git tag v0.2
mvajhi@mahdi-laptop code/ECS_Git_Practice (master) » git remote add origin git@github.com:mvajhi/ECS_Git_Practice.git                                         
mvajhi@mahdi-laptop code/ECS_Git_Practice (master) » git push origin --all
/home/mvajhi/.ssh/config line 3: no argument after keyword "hostname"
/home/mvajhi/.ssh/config line 7: no argument after keyword "replicate-tools-server"
/home/mvajhi/.ssh/config line 14: no argument after keyword "hostname"
/home/mvajhi/.ssh/config line 16: no argument after keyword "hostname"
/home/mvajhi/.ssh/config line 18: no argument after keyword "hostname"
/home/mvajhi/.ssh/config: terminating, 5 bad configuration options
fatal: Could not read from remote repository.

Please make sure you have the correct access rights
and the repository exists.
mvajhi@mahdi-laptop code/ECS_Git_Practice (master) » git push origin --all
Enumerating objects: 36, done.
Counting objects: 100% (36/36), done.
Delta compression using up to 12 threads
Compressing objects: 100% (24/24), done.
Writing objects: 100% (36/36), 2.38 KiB | 487.00 KiB/s, done.
Total 36 (delta 12), reused 0 (delta 0), pack-reused 0
remote: Resolving deltas: 100% (12/12), done.
To github.com:mvajhi/ECS_Git_Practice.git
 * [new branch]      Bug -> Bug
 * [new branch]      Fea1 -> Fea1
 * [new branch]      Fea2 -> Fea2
 * [new branch]      master -> master
mvajhi@mahdi-laptop code/ECS_Git_Practice (master) » git push origin --tags 
Total 0 (delta 0), reused 0 (delta 0), pack-reused 0
To github.com:mvajhi/ECS_Git_Practice.git
 * [new tag]         v0.1 -> v0.1
 * [new tag]         v0.2 -> v0.2

